#-----------------------------------------------------------
# Vivado v2022.1 (64-bit)
# SW Build 3526262 on Mon Apr 18 15:48:16 MDT 2022
# IP Build 3524634 on Mon Apr 18 20:55:01 MDT 2022
# Start of session at: Wed Feb  8 21:15:00 2023
# Process ID: 1448
# Current directory: C:/Users/User/Desktop/ic_contest_image_convolution/IC_contest2019_Image_Convolution/IC_contest2019_Image_Convolution.runs/synth_1
# Command line: vivado.exe -log CONV.vds -product Vivado -mode batch -messageDb vivado.pb -notrace -source CONV.tcl
# Log file: C:/Users/User/Desktop/ic_contest_image_convolution/IC_contest2019_Image_Convolution/IC_contest2019_Image_Convolution.runs/synth_1/CONV.vds
# Journal file: C:/Users/User/Desktop/ic_contest_image_convolution/IC_contest2019_Image_Convolution/IC_contest2019_Image_Convolution.runs/synth_1\vivado.jou
# Running On: DESKTOP-N6LOO8D, OS: Windows, CPU Frequency: 2904 MHz, CPU Physical cores: 8, Host memory: 8370 MB
#-----------------------------------------------------------
source CONV.tcl -notrace
